---
source: cedar-policy-core/src/validator/schema/to_json.rs
expression: roundtrip_result
input_file: cedar-policy-core/src/validator/schema/test_schemas/multiple_entities_declared_together.cedarschema
---
entity Admin;

entity Document = {
  "title": __cedar::String
};

entity Guest;

entity User;

action "delete" appliesTo {
  principal: [Admin, User],
  resource: [Document],
  context: {}
};

action "read" appliesTo {
  principal: [Admin, User],
  resource: [Document],
  context: {}
};

action "write" appliesTo {
  principal: [Admin, User],
  resource: [Document],
  context: {}
};
