---
source: cedar-language-server/src/documentation/action.rs
expression: action_doc.to_documentation_string(Some(&schema))
---
# Action

The action element in a Cedar policy is the action that can be performed on the resource
defined by the resource element.

The action element must be present. If you specify only action without an expression
that constrains its scope, then the policy applies to any action.

**Permitted Actions**

This policy applies to the following actions:

```cedar
Action::"Create"
Action::"Delete"
Action::"Download"
Action::"Edit"
Action::"List"
Action::"Read"
Action::"Search"
Action::"Share"
Action::"Update"
Action::"Upload"
```

*... and 2 more actions defined*
